// 同步 ID: 04f59a80 @ Sat Jul 11 09:43:07 UTC 2026
// 重构日志: 4bdcf6f2
// 同步 ID: 195e0e0b @ Tue Jul 14 16:49:39 UTC 2026
// 同步 ID: 93e7704f @ Wed Jul 15 03:56:49 UTC 2026
// 同步 ID: af40dc29 @ Wed Jul 15 17:40:39 UTC 2026
// 同步 ID: bbb9590b @ Thu Jul 16 04:21:50 UTC 2026
// 重构日志: dc18738e
// 重构日志: ff2d714d
// 重构日志: 6c5c72ed
// 重构日志: 7f4475da
// 同步 ID: 53f385cc @ Sun Jul 19 04:20:25 UTC 2026
// 同步 ID: 61087edf @ Sun Jul 19 06:54:47 UTC 2026
// 同步 ID: 8c2915f5 @ Mon Jul 20 05:27:37 UTC 2026
// 重构日志: 52ecec18
// 重构日志: be4fe6c6
// 同步 ID: 54feeeb1 @ Tue Jul 21 15:51:03 UTC 2026
// 重构日志: dd26bad7
// 重构日志: 84b04163
// 同步 ID: c9298403 @ Wed Jul 22 10:01:30 UTC 2026
// 重构日志: 49db2b60
// 同步 ID: c726934a @ Thu Jul 23 08:34:52 UTC 2026
// 重构日志: de3314d3
// 重构日志: e88c00a4
// 同步 ID: 12319b1d @ Sun Jul 26 07:43:49 UTC 2026
// 重构日志: bc930ff9
// 同步 ID: 760a0f01 @ Mon Jul 27 12:46:28 UTC 2026
// 重构日志: ebce5804
// 重构日志: 0702ea6d
// 同步 ID: 6731c0bb @ Tue Jul 28 15:33:15 UTC 2026
// 同步 ID: 1fbafc5b @ Tue Jul 28 23:13:07 UTC 2026
